Microchip MPLAB XC8 Compiler V3.00

Linker command line:

-W-3 \
  --edf=C:\Program Files\Microchip\xc8\v3.00\pic\dat\20241204225717_en.msgs \
  -cn -h+dist/default/production\ECU2.X.production.sym \
  --cmf=dist/default/production\ECU2.X.production.cmf -z -Q18F4580 \
  -oC:\Users\nirma\AppData\Local\Temp\xcAs9dc.\driver_tmp_3.o \
  --defsym=__MPLAB_BUILD=1 --fixupoverflow=error \
  -Mdist/default/production/ECU2.X.production.map \
  --md=C:\Users\nirma\AppData\Local\Temp\xcAs9dc.\driver_tmp_0.dat -E1 \
  -ver=XC8 Compiler -ACODE=00h-03000h -ACONST=00h-03000h \
  -ASMALLCONST=0600h-06FFhx42,03000h-03000h -AMEDIUMCONST=0600h-03000h \
  -ACOMRAM=01h-05Fh -AABS1=00h-05FFh -ABIGRAM=01h-05FFh \
  -ARAM=060h-0FFh,0100h-01FFhx5 -ABANK0=060h-0FFh -ABANK1=0100h-01FFh \
  -ABANK2=0200h-02FFh -ABANK3=0300h-03FFh -ABANK4=0400h-04FFh \
  -ABANK5=0500h-05FFh -ASFR=0D00h-0DFFhx2,0F00h-0F5Fh,0F60h-0FFFh \
  -ABIGSFR=0D00h-0FFFh -ACONFIG=0300000h-030000Dh -AIDLOC=0200000h-0200007h \
  -AEEDATA=0F00000h-0F000FFh -peeprom_data=EEDATA \
  -preset_vec=00h,intcode=8h,intcodelo=18h,sivt_lo,sivt_hi=CODE \
  -ppowerup=CODE,init -pramtop=0600h -psmallconst=SMALLCONST \
  -pmediumconst=MEDIUMCONST -pconst=CONST -AFARRAM=00h-00h \
  -prdata=COMRAM,nvrram=COMRAM,nvbit=COMRAM,rbss=COMRAM,rbit=COMRAM \
  -pfarbss=FARRAM,fardata=FARRAM,nvFARRAM=FARRAM \
  -pintsave_regs=BIGRAM,bigbss=BIGRAM,bigdata=BIGRAM -pbss=RAM \
  -pidata=CODE,irdata=CODE,ibigdata=CODE,ifardata=CODE -prparam=COMRAM \
  C:\Users\nirma\AppData\Local\Temp\xcAs9dc.\driver_tmp_9.o \
  dist/default/production\ECU2.X.production.o 

Object code version is 3.11

Machine type is 18F4580



                Name                               Link     Load   Length Selector   Space Scale
C:\Users\nirma\AppData\Local\Temp\xcAs9dc.\driver_tmp_9.o
                idloc                            200000   200000        8        0       5
                config                           300000   300000        E        0       4
                init                               2FFC     2FFC        4     17FE       0
                reset_vec                             0        0        4        0       0
dist/default/production\ECU2.X.production.o
                idloc                            200000   200000        8        0       5
                config                           300000   300000        E        0       4
                smallconst                          600      600        2      300       0
                text13                              944      944       74      301       0
                text12                              A86      A86       64      301       0
                text11                              778      778       B2      301       0
                text10                              82A      82A       A4      301       0
                text9                               9B8      9B8       6A      301       0
                text8                               B42      B42       52      301       0
                text7                               8CE      8CE       76      301       0
                text6                               BDA      BDA       1C      301       0
                text5                               B94      B94       46      301       0
                text4                               C1A      C1A        6      301       0
                text3                               C0C      C0C        E      301       0
                text2                               AEA      AEA       58      301       0
                text1                               A22      A22       64      301       0
                text0                               602      602      176      301       0
                cstackCOMRAM                          1        1       29        1       1
                bssCOMRAM                            2A       2A       13        1       1
                cinit                               BF6      BF6       16      301       0

TOTAL           Name                               Link     Load   Length     Space
        CLASS   CODE           
                init                               2FFC     2FFC        4         0
                reset_vec                             0        0        4         0
                text13                              944      944       74         0
                text12                              A86      A86       64         0
                text11                              778      778       B2         0
                text10                              82A      82A       A4         0
                text9                               9B8      9B8       6A         0
                text8                               B42      B42       52         0
                text7                               8CE      8CE       76         0
                text6                               BDA      BDA       1C         0
                text5                               B94      B94       46         0
                text4                               C1A      C1A        6         0
                text3                               C0C      C0C        E         0
                text2                               AEA      AEA       58         0
                text1                               A22      A22       64         0
                text0                               602      602      176         0
                cinit                               BF6      BF6       16         0

        CLASS   CONST          

        CLASS   SMALLCONST     
                smallconst                          600      600        2         0

        CLASS   MEDIUMCONST    

        CLASS   COMRAM         
                cstackCOMRAM                          1        1       29         1
                bssCOMRAM                            2A       2A       13         1

        CLASS   ABS1           

        CLASS   BIGRAM         

        CLASS   RAM            

        CLASS   BANK0          

        CLASS   BANK1          

        CLASS   BANK2          

        CLASS   BANK3          

        CLASS   BANK4          

        CLASS   BANK5          

        CLASS   SFR            

        CLASS   BIGSFR         

        CLASS   CONFIG         
                config                           300000   300000        E         4

        CLASS   IDLOC          
                idloc                            200000   200000        8         5

        CLASS   EEDATA         

        CLASS   FARRAM         

        CLASS   HEAP           

        CLASS   STACK          



SEGMENTS        Name                           Load    Length   Top    Selector   Space  Class

                reset_vec                      000000  000004  000004         0       0  CODE    
                cstackCOMRAM                   000001  00003C  00003D         1       1  COMRAM  
                smallconst                     000600  000002  000602       300       0  SMALLCON
                text0                          000602  00061E  000C20       301       0  CODE    
                init                           002FFC  000004  003000      17FE       0  CODE    


UNUSED ADDRESS RANGES

        Name                Unused          Largest block    Delta
        BANK0            000060-0000FF               A0
        BANK1            000100-0001FF              100
        BANK2            000200-0002FF              100
        BANK3            000300-0003FF              100
        BANK4            000400-0004FF              100
        BANK5            000500-0005FF              100
        BIGRAM           00003D-0005FF              5C3
        BIGSFR           000D00-000FFF              300
        CODE             000004-0005FF              5FC
                         000C20-002FFB             23DC
                         003000-003000                1
        COMRAM           00003D-00005F               23
        CONST            000004-0005FF              5FC
                         000C20-002FFB             23DC
                         003000-003000                1
        EEDATA           F00000-F000FF              100
        MEDIUMCONST      000C20-002FFB             23DC
                         003000-003000                1
        RAM              000060-0005FF              100
        SFR              000D00-000FFF              100
        SMALLCONST       000C20-002FFB              100
                         003000-003000                1

                                  Symbol Table

?___lldiv                        cstackCOMRAM 00000D
?___lmul                         cstackCOMRAM 000001
?___lwdiv                        cstackCOMRAM 000001
?___lwmod                        cstackCOMRAM 000008
?_get_RPM                        cstackCOMRAM 00001A
?_read_adc                       cstackCOMRAM 000001
_ACQT0                           (abs)        007E03
_ACQT1                           (abs)        007E04
_ACQT2                           (abs)        007E05
_ADCON0                          (abs)        000FC2
_ADCS0                           (abs)        007E00
_ADCS1                           (abs)        007E01
_ADCS2                           (abs)        007E02
_ADFM                            (abs)        007E07
_ADON                            (abs)        007E10
_ADRESH                          (abs)        000FC4
_ADRESL                          (abs)        000FC3
_BRGCON1                         (abs)        000F70
_BRGCON2                         (abs)        000F71
_BRGCON3                         (abs)        000F72
_CANCON                          (abs)        000F6F
_CANSTAT                         (abs)        000F6E
_ECANCON                         (abs)        000F77
_GO                              (abs)        007E11
_GODONE                          (abs)        007E11
_PORTC                           (abs)        000F82
_RXB0CON                         (abs)        000F60
_RXB0D0                          (abs)        000F66
_RXB0D1                          (abs)        000F67
_RXB0D2                          (abs)        000F68
_RXB0D3                          (abs)        000F69
_RXB0D4                          (abs)        000F6A
_RXB0D5                          (abs)        000F6B
_RXB0D6                          (abs)        000F6C
_RXB0D7                          (abs)        000F6D
_RXB0DLC                         (abs)        000F65
_RXB0EIDH                        (abs)        000F63
_RXB0EIDL                        (abs)        000F64
_RXB0FUL                         (abs)        007B07
_RXB0IF                          (abs)        007D20
_RXB0SIDH                        (abs)        000F61
_RXB0SIDL                        (abs)        000F62
_RXF0EIDH                        (abs)        000F02
_RXF0EIDL                        (abs)        000F03
_RXF0SIDH                        (abs)        000F00
_RXF0SIDL                        (abs)        000F01
_RXFCON0                         (abs)        000DD4
_TRISB2                          (abs)        007C9A
_TRISB3                          (abs)        007C9B
_TRISC                           (abs)        000F94
_TXB0D0                          (abs)        000F46
_TXB0DLC                         (abs)        000F45
_TXB0EIDH                        (abs)        000F43
_TXB0EIDL                        (abs)        000F44
_TXB0REQ                         (abs)        007A03
_TXB0SIDH                        (abs)        000F41
_TXB0SIDL                        (abs)        000F42
_VCFG0                           (abs)        007E0C
_VCFG1                           (abs)        007E0D
__HRAM                           (abs)        000000
__H__absolute__                  __absolute__ 000000
__Habs1                          abs1         000000
__Hbank0                         bank0        000000
__Hbank1                         bank1        000000
__Hbank2                         bank2        000000
__Hbank3                         bank3        000000
__Hbank4                         bank4        000000
__Hbank5                         bank5        000000
__Hbigbss                        bigbss       000000
__Hbigdata                       bigdata      000000
__Hbigram                        bigram       000000
__Hbigsfr                        bigsfr       000000
__Hbss                           bss          000000
__HbssCOMRAM                     bssCOMRAM    000000
__Hcinit                         cinit        000000
__Hclrtext                       clrtext      000000
__Hcomram                        comram       000000
__Hconfig                        config       30000E
__Hconst                         const        000000
__HcstackCOMRAM                  cstackCOMRAM 000000
__Hdata                          data         000000
__Heeprom_data                   eeprom_data  000000
__Hfarbss                        farbss       000000
__Hfardata                       fardata      000000
__Hheap                          heap         000000
__Hibigdata                      ibigdata     000000
__Hidata                         idata        000000
__Hidloc                         idloc        200008
__Hifardata                      ifardata     000000
__Hinit                          init         003000
__Hintcode                       intcode      000008
__Hintcode_body                  intcode_body 000000
__Hintcodelo                     intcodelo    000018
__Hintentry                      intentry     000000
__Hintret                        intret       000000
__Hintsave_regs                  intsave_regs 000000
__Hirdata                        irdata       000000
__Hmediumconst                   mediumconst  000000
__HnvFARRAM                      nvFARRAM     000000
__Hnvbit                         nvbit        000000
__Hnvrram                        nvrram       000000
__Hparam                         rparam       000000
__Hpowerup                       powerup      000000
__Hram                           ram          000000
__Hramtop                        ramtop       000600
__Hrbit                          rbit         000000
__Hrbss                          rbss         000000
__Hrdata                         rdata        000000
__Hreset_vec                     reset_vec    000004
__Hrparam                        rparam       000000
__Hsfr                           sfr          000000
__Hsivt_hi                       sivt_hi      000000
__Hsivt_lo                       sivt_lo      000018
__Hsmallconst                    smallconst   000602
__Hspace_0                       (abs)        003000
__Hspace_1                       (abs)        00003D
__Hspace_2                       (abs)        000000
__Hspace_4                       (abs)        60000E
__Hstack                         stack        000000
__Hstruct                        struct       000000
__Htemp                          temp         000000
__Htext                          text         000000
__Htext0                         text0        000000
__Htext1                         text1        000000
__Htext10                        text10       000000
__Htext11                        text11       000000
__Htext12                        text12       000000
__Htext13                        text13       000000
__Htext2                         text2        000000
__Htext3                         text3        000000
__Htext4                         text4        000000
__Htext5                         text5        000000
__Htext6                         text6        000000
__Htext7                         text7        000000
__Htext8                         text8        000000
__Htext9                         text9        000000
__LRAM                           (abs)        000001
__L__absolute__                  __absolute__ 000000
__Labs1                          abs1         000000
__Lbank0                         bank0        000000
__Lbank1                         bank1        000000
__Lbank2                         bank2        000000
__Lbank3                         bank3        000000
__Lbank4                         bank4        000000
__Lbank5                         bank5        000000
__Lbigbss                        bigbss       000000
__Lbigdata                       bigdata      000000
__Lbigram                        bigram       000000
__Lbigsfr                        bigsfr       000000
__Lbss                           bss          000000
__LbssCOMRAM                     bssCOMRAM    000000
__Lcinit                         cinit        000000
__Lclrtext                       clrtext      000000
__Lcomram                        comram       000000
__Lconfig                        config       000000
__Lconst                         const        000000
__LcstackCOMRAM                  cstackCOMRAM 000000
__Ldata                          data         000000
__Leeprom_data                   eeprom_data  000000
__Lfarbss                        farbss       000000
__Lfardata                       fardata      000000
__Lheap                          heap         000000
__Libigdata                      ibigdata     000000
__Lidata                         idata        000000
__Lidloc                         idloc        000000
__Lifardata                      ifardata     000000
__Linit                          init         002FFC
__Lintcode                       intcode      000008
__Lintcode_body                  intcode_body 000000
__Lintcodelo                     intcodelo    000018
__Lintentry                      intentry     000000
__Lintret                        intret       000000
__Lintsave_regs                  intsave_regs 000000
__Lirdata                        irdata       000000
__Lmediumconst                   mediumconst  000000
__LnvFARRAM                      nvFARRAM     000000
__Lnvbit                         nvbit        000000
__Lnvrram                        nvrram       000000
__Lparam                         rparam       000000
__Lpowerup                       powerup      000000
__Lram                           ram          000000
__Lramtop                        ramtop       000600
__Lrbit                          rbit         000000
__Lrbss                          rbss         000000
__Lrdata                         rdata        000000
__Lreset_vec                     reset_vec    000000
__Lrparam                        rparam       000000
__Lsfr                           sfr          000000
__Lsivt_hi                       sivt_hi      000000
__Lsivt_lo                       sivt_lo      000018
__Lsmallconst                    smallconst   000600
__Lspace_0                       (abs)        000000
__Lspace_1                       (abs)        000000
__Lspace_2                       (abs)        000000
__Lspace_4                       (abs)        000000
__Lstack                         stack        000000
__Lstruct                        struct       000000
__Ltemp                          temp         000000
__Ltext                          text         000000
__Ltext0                         text0        000000
__Ltext1                         text1        000000
__Ltext10                        text10       000000
__Ltext11                        text11       000000
__Ltext12                        text12       000000
__Ltext13                        text13       000000
__Ltext2                         text2        000000
__Ltext3                         text3        000000
__Ltext4                         text4        000000
__Ltext5                         text5        000000
__Ltext6                         text6        000000
__Ltext7                         text7        000000
__Ltext8                         text8        000000
__Ltext9                         text9        000000
__S0                             (abs)        003000
__S1                             (abs)        00003D
__S4                             (abs)        000000
__S5                             (abs)        000000
___heap_hi                       (abs)        000000
___heap_lo                       (abs)        000000
___inthi_sp                      stack        000000
___inthi_stack_hi                stack        000000
___inthi_stack_lo                stack        000000
___intlo_sp                      stack        000000
___intlo_stack_hi                stack        000000
___intlo_stack_lo                stack        000000
___lldiv                         text10       00082A
___lldiv@counter                 cstackCOMRAM 000019
___lldiv@dividend                cstackCOMRAM 00000D
___lldiv@divisor                 cstackCOMRAM 000011
___lldiv@quotient                cstackCOMRAM 000015
___lmul                          text9        0009B8
___lmul@multiplicand             cstackCOMRAM 000005
___lmul@multiplier               cstackCOMRAM 000001
___lmul@product                  cstackCOMRAM 000009
___lwdiv                         text13       000944
___lwdiv@counter                 cstackCOMRAM 000007
___lwdiv@dividend                cstackCOMRAM 000001
___lwdiv@divisor                 cstackCOMRAM 000003
___lwdiv@quotient                cstackCOMRAM 000005
___lwmod                         text12       000A86
___lwmod@counter                 cstackCOMRAM 00000C
___lwmod@dividend                cstackCOMRAM 000008
___lwmod@divisor                 cstackCOMRAM 00000A
___param_bank                    (abs)        000000
___rparam_used                   (abs)        000001
___sp                            stack        000000
___stack_hi                      stack        000000
___stack_lo                      stack        000000
__accesstop                      (abs)        000060
__activetblptr                   (abs)        000002
__end_of___lldiv                 text10       0008CE
__end_of___lmul                  text9        000A22
__end_of___lwdiv                 text13       0009B8
__end_of___lwmod                 text12       000AEA
__end_of__initialization         cinit        000C02
__end_of_can_transmit            text11       00082A
__end_of_get_RPM                 text7        000944
__end_of_init_adc                text6        000BF6
__end_of_init_can                text5        000BDA
__end_of_init_config             text3        000C1A
__end_of_init_digital_keypad     text4        000C20
__end_of_main                    text0        000778
__end_of_process_indicator       text1        000A86
__end_of_read_adc                text8        000B94
__end_of_read_switch             text2        000B42
__initialization                 cinit        000BF6
__mediumconst                    smallconst   000600
__pbssCOMRAM                     bssCOMRAM    00002A
__pcinit                         cinit        000BF6
__pcstackCOMRAM                  cstackCOMRAM 000001
__psmallconst                    smallconst   000600
__ptext0                         text0        000602
__ptext1                         text1        000A22
__ptext10                        text10       00082A
__ptext11                        text11       000778
__ptext12                        text12       000A86
__ptext13                        text13       000944
__ptext2                         text2        000AEA
__ptext3                         text3        000C0C
__ptext4                         text4        000C1A
__ptext5                         text5        000B94
__ptext6                         text6        000BDA
__ptext7                         text7        0008CE
__ptext8                         text8        000B42
__ptext9                         text9        0009B8
__ramtop                         ramtop       000600
__smallconst                     smallconst   000600
_can_payload                     bssCOMRAM    00002A
_can_transmit                    text11       000778
_can_transmit$161                cstackCOMRAM 000009
_get_RPM                         text7        0008CE
_init_adc                        text6        000BDA
_init_can                        text5        000B94
_init_config                     text3        000C0C
_init_digital_keypad             text4        000C1A
_main                            text0        000602
_prev                            bssCOMRAM    00003C
_process_indicator               text1        000A22
_read_adc                        text8        000B42
_read_switch                     text2        000AEA
can_transmit@data                cstackCOMRAM 000003
can_transmit@i                   cstackCOMRAM 00000B
can_transmit@len                 cstackCOMRAM 000004
can_transmit@msg_id              cstackCOMRAM 000001
can_transmit@tx                  cstackCOMRAM 000007
end_of_initialization            cinit        000C02
get_RPM@adc_reg_val              cstackCOMRAM 00001D
intlevel0                        text         000000
intlevel1                        text         000000
intlevel2                        text         000000
intlevel3                        text         000000
isa$std                          (abs)        000001
isa$xinst                        (abs)        000000
main@Ind_dir                     cstackCOMRAM 000026
main@RPM                         cstackCOMRAM 000027
main@ind_buff                    cstackCOMRAM 000029
main@rpm_buff                    cstackCOMRAM 000021
process_indicator@cur_ind_status cstackCOMRAM 000003
process_indicator@key            cstackCOMRAM 000002
read_adc@channel                 cstackCOMRAM 000007
read_adc@reg_val                 cstackCOMRAM 000005
read_switch@detect_type          cstackCOMRAM 000001
stackhi                          (abs)        000000
stacklo                          (abs)        000000
start                            init         002FFC
start_initialization             cinit        000BF6


MODULE INFORMATION

Module		Function		Class		Link	Load	Size
digital_keypad.c
		_read_switch   		CODE           	0AEA	0000	88
		_init_digital_keypad		CODE           	0C1A	0000	6

digital_keypad.c estimated size: 94

ecu2_main.c
		_get_RPM       		CODE           	08CE	0000	118
		_main          		CODE           	0602	0000	374
		_process_indicator		CODE           	0A22	0000	100
		_init_config   		CODE           	0C0C	0000	14

ecu2_main.c estimated size: 606

adc.c
		_init_adc      		CODE           	0BDA	0000	28
		_read_adc      		CODE           	0B42	0000	82

adc.c estimated size: 110

C:\Program Files\Microchip\xc8\v3.00\pic\sources\c99\common\lwmod.c
		___lwmod       		CODE           	0A86	0000	100

C:\Program Files\Microchip\xc8\v3.00\pic\sources\c99\common\lwmod.c estimated size: 100

C:\Program Files\Microchip\xc8\v3.00\pic\sources\c99\common\Umul32.c
		___lmul        		CODE           	09B8	0000	106

C:\Program Files\Microchip\xc8\v3.00\pic\sources\c99\common\Umul32.c estimated size: 106

C:\Program Files\Microchip\xc8\v3.00\pic\sources\c99\common\__lldiv.c
		___lldiv       		CODE           	082A	0000	164

C:\Program Files\Microchip\xc8\v3.00\pic\sources\c99\common\__lldiv.c estimated size: 164

shared
		__initialization		CODE           	0BF6	0000	12

shared estimated size: 12

can.c
		_can_transmit  		CODE           	0778	0000	178
		_init_can      		CODE           	0B94	0000	70

can.c estimated size: 248

C:\Program Files\Microchip\xc8\v3.00\pic\sources\c99\common\lwdiv.c
		___lwdiv       		CODE           	0944	0000	116

C:\Program Files\Microchip\xc8\v3.00\pic\sources\c99\common\lwdiv.c estimated size: 116

