Microchip MPLAB XC8 Compiler V3.00

Linker command line:

-W-3 \
  --edf=C:\Program Files\Microchip\xc8\v3.00\pic\dat\20241204225717_en.msgs \
  -cn -h+dist/default/production\ECU1.X.production.sym \
  --cmf=dist/default/production\ECU1.X.production.cmf -z -Q18F4580 \
  -oC:\Users\nirma\AppData\Local\Temp\xcAspcc.\driver_tmp_3.o \
  --defsym=__MPLAB_BUILD=1 --fixupoverflow=error \
  -Mdist/default/production/ECU1.X.production.map \
  --md=C:\Users\nirma\AppData\Local\Temp\xcAspcc.\driver_tmp_0.dat -E1 \
  -ver=XC8 Compiler -ACODE=00h-03000h -ACONST=00h-03000h \
  -ASMALLCONST=0600h-06FFhx42,03000h-03000h -AMEDIUMCONST=0600h-03000h \
  -ACOMRAM=01h-05Fh -AABS1=00h-05FFh -ABIGRAM=01h-05FFh \
  -ARAM=060h-0FFh,0100h-01FFhx5 -ABANK0=060h-0FFh -ABANK1=0100h-01FFh \
  -ABANK2=0200h-02FFh -ABANK3=0300h-03FFh -ABANK4=0400h-04FFh \
  -ABANK5=0500h-05FFh -ASFR=0D00h-0DFFhx2,0F00h-0F5Fh,0F60h-0FFFh \
  -ABIGSFR=0D00h-0FFFh -ACONFIG=0300000h-030000Dh -AIDLOC=0200000h-0200007h \
  -AEEDATA=0F00000h-0F000FFh -peeprom_data=EEDATA \
  -preset_vec=00h,intcode=8h,intcodelo=18h,sivt_lo,sivt_hi=CODE \
  -ppowerup=CODE,init -pramtop=0600h -psmallconst=SMALLCONST \
  -pmediumconst=MEDIUMCONST -pconst=CONST -AFARRAM=00h-00h \
  -prdata=COMRAM,nvrram=COMRAM,nvbit=COMRAM,rbss=COMRAM,rbit=COMRAM \
  -pfarbss=FARRAM,fardata=FARRAM,nvFARRAM=FARRAM \
  -pintsave_regs=BIGRAM,bigbss=BIGRAM,bigdata=BIGRAM -pbss=RAM \
  -pidata=CODE,irdata=CODE,ibigdata=CODE,ifardata=CODE -prparam=COMRAM \
  C:\Users\nirma\AppData\Local\Temp\xcAspcc.\driver_tmp_9.o \
  dist/default/production\ECU1.X.production.o 

Object code version is 3.11

Machine type is 18F4580



                Name                               Link     Load   Length Selector   Space Scale
C:\Users\nirma\AppData\Local\Temp\xcAspcc.\driver_tmp_9.o
                idloc                            200000   200000        8        0       5
                config                           300000   300000        E        0       4
                init                               2FFC     2FFC        4     17FE       0
                reset_vec                             0        0        4        0       0
dist/default/production\ECU1.X.production.o
                idloc                            200000   200000        8        0       5
                config                           300000   300000        E        0       4
                mediumconst                        2FF6     2FF6        6     17FB       0
                text18                             21D2     21D2       AE     10E9       0
                text17                             2046     2046       74     1023       0
                text16                             1F02     1F02       64      F81       0
                text15                             2280     2280       B2     1140       0
                text14                             2BD0     2BD0      426     15E8       0
                text13                             2332     2332      106     1199       0
                text12                             268C     268C      1B4     1346       0
                text11                             1EB0     1EB0       52      F58       0
                text10                             212E     212E       A4     1097       0
                text9                              2438     2438      108     121C       0
                text8                              20BA     20BA       74     105D       0
                text7                              1F66     1F66       70      FB3       0
                text6                              2840     2840      390     1420       0
                text5                              1FD6     1FD6       70      FEB       0
                text4                              1E1E     1E1E       1C      F0F       0
                text3                              1E68     1E68       48      F34       0
                text2                              1E02     1E02        E      F01       0
                text1                              1E10     1E10        E      F08       0
                text0                              2540     2540      14C     12A0       0
                cstackCOMRAM                          1        1       47        1       1
                dataCOMRAM                           5A       5A        2        1       1
                bssCOMRAM                            48       48       12        1       1
                cinit                              1E3A     1E3A       2E      F1D       0
                idataCOMRAM                        1E00     1E00        2     1E00       0

TOTAL           Name                               Link     Load   Length     Space
        CLASS   CODE           
                init                               2FFC     2FFC        4         0
                reset_vec                             0        0        4         0
                text18                             21D2     21D2       AE         0
                text17                             2046     2046       74         0
                text16                             1F02     1F02       64         0
                text15                             2280     2280       B2         0
                text14                             2BD0     2BD0      426         0
                text13                             2332     2332      106         0
                text12                             268C     268C      1B4         0
                text11                             1EB0     1EB0       52         0
                text10                             212E     212E       A4         0
                text9                              2438     2438      108         0
                text8                              20BA     20BA       74         0
                text7                              1F66     1F66       70         0
                text6                              2840     2840      390         0
                text5                              1FD6     1FD6       70         0
                text4                              1E1E     1E1E       1C         0
                text3                              1E68     1E68       48         0
                text2                              1E02     1E02        E         0
                text1                              1E10     1E10        E         0
                text0                              2540     2540      14C         0
                cinit                              1E3A     1E3A       2E         0
                idataCOMRAM                        1E00     1E00        2         0

        CLASS   CONST          

        CLASS   SMALLCONST     

        CLASS   MEDIUMCONST    
                mediumconst                        2FF6     2FF6        6         0

        CLASS   COMRAM         
                cstackCOMRAM                          1        1       47         1
                dataCOMRAM                           5A       5A        2         1
                bssCOMRAM                            48       48       12         1

        CLASS   ABS1           

        CLASS   BIGRAM         

        CLASS   RAM            

        CLASS   BANK0          

        CLASS   BANK1          

        CLASS   BANK2          

        CLASS   BANK3          

        CLASS   BANK4          

        CLASS   BANK5          

        CLASS   SFR            

        CLASS   BIGSFR         

        CLASS   CONFIG         
                config                           300000   300000        E         4

        CLASS   IDLOC          
                idloc                            200000   200000        8         5

        CLASS   EEDATA         

        CLASS   FARRAM         

        CLASS   HEAP           

        CLASS   STACK          



SEGMENTS        Name                           Load    Length   Top    Selector   Space  Class

                reset_vec                      000000  000004  000004         0       0  CODE    
                cstackCOMRAM                   000001  00005B  00005C         1       1  COMRAM  
                idataCOMRAM                    001E00  000002  001E02      1E00       0  CODE    
                text2                          001E02  00000E  001E10       F01       0  CODE    
                text1                          001E10  00000E  001E1E       F08       0  CODE    
                text4                          001E1E  00001C  001E3A       F0F       0  CODE    
                cinit                          001E3A  00002E  001E68       F1D       0  CODE    
                text3                          001E68  000048  001EB0       F34       0  CODE    
                text11                         001EB0  000052  001F02       F58       0  CODE    
                text16                         001F02  000064  001F66       F81       0  CODE    
                text7                          001F66  000070  001FD6       FB3       0  CODE    
                text5                          001FD6  000070  002046       FEB       0  CODE    
                text17                         002046  000074  0020BA      1023       0  CODE    
                text8                          0020BA  000074  00212E      105D       0  CODE    
                text10                         00212E  0000A4  0021D2      1097       0  CODE    
                text18                         0021D2  0000AE  002280      10E9       0  CODE    
                text15                         002280  0000B2  002332      1140       0  CODE    
                text13                         002332  000106  002438      1199       0  CODE    
                text9                          002438  000108  002540      121C       0  CODE    
                text0                          002540  00014C  00268C      12A0       0  CODE    
                text12                         00268C  0001B4  002840      1346       0  CODE    
                text6                          002840  000390  002BD0      1420       0  CODE    
                text14                         002BD0  000426  002FF6      15E8       0  CODE    
                mediumconst                    002FF6  000006  002FFC      17FB       0  MEDIUMCO
                init                           002FFC  000004  003000      17FE       0  CODE    


UNUSED ADDRESS RANGES

        Name                Unused          Largest block    Delta
        BANK0            000060-0000FF               A0
        BANK1            000100-0001FF              100
        BANK2            000200-0002FF              100
        BANK3            000300-0003FF              100
        BANK4            000400-0004FF              100
        BANK5            000500-0005FF              100
        BIGRAM           00005C-0005FF              5A4
        BIGSFR           000D00-000FFF              300
        CODE             000004-001DFF             1DFC
                         003000-003000                1
        COMRAM           00005C-00005F                4
        CONST            000004-001DFF             1DFC
                         003000-003000                1
        EEDATA           F00000-F000FF              100
        MEDIUMCONST      000600-001DFF             1800
                         003000-003000                1
        RAM              000060-0005FF              100
        SFR              000D00-000FFF              100
        SMALLCONST       000600-001DFF              100
                         003000-003000                1

                                  Symbol Table

?___awmod                    cstackCOMRAM 000001
?___fldiv                    cstackCOMRAM 00000F
?___flmul                    cstackCOMRAM 00000F
?___fltol                    cstackCOMRAM 000028
?___lwdiv                    cstackCOMRAM 000001
?___lwmod                    cstackCOMRAM 000001
?___xxtofl                   cstackCOMRAM 000001
?_get_engine_temp            cstackCOMRAM 000032
?_get_speed                  cstackCOMRAM 000032
?_read_adc                   cstackCOMRAM 000001
_ACQT0                       (abs)        007E03
_ACQT1                       (abs)        007E04
_ACQT2                       (abs)        007E05
_ADCON0                      (abs)        000FC2
_ADCS0                       (abs)        007E00
_ADCS1                       (abs)        007E01
_ADCS2                       (abs)        007E02
_ADFM                        (abs)        007E07
_ADON                        (abs)        007E10
_ADRESH                      (abs)        000FC4
_ADRESL                      (abs)        000FC3
_BRGCON1                     (abs)        000F70
_BRGCON2                     (abs)        000F71
_BRGCON3                     (abs)        000F72
_CANCON                      (abs)        000F6F
_CANSTAT                     (abs)        000F6E
_ECANCON                     (abs)        000F77
_GO                          (abs)        007E11
_GODONE                      (abs)        007E11
_PORTB                       (abs)        000F81
_PORTBbits                   (abs)        000F81
_PORTD                       (abs)        000F83
_RBPU                        (abs)        007F8F
_RC0                         (abs)        007C10
_RC1                         (abs)        007C11
_RC2                         (abs)        007C12
_RD7                         (abs)        007C1F
_RXB0CON                     (abs)        000F60
_RXB0D0                      (abs)        000F66
_RXB0D1                      (abs)        000F67
_RXB0D2                      (abs)        000F68
_RXB0D3                      (abs)        000F69
_RXB0D4                      (abs)        000F6A
_RXB0D5                      (abs)        000F6B
_RXB0D6                      (abs)        000F6C
_RXB0D7                      (abs)        000F6D
_RXB0DLC                     (abs)        000F65
_RXB0EIDH                    (abs)        000F63
_RXB0EIDL                    (abs)        000F64
_RXB0FUL                     (abs)        007B07
_RXB0IF                      (abs)        007D20
_RXB0SIDH                    (abs)        000F61
_RXB0SIDL                    (abs)        000F62
_RXF0EIDH                    (abs)        000F02
_RXF0EIDL                    (abs)        000F03
_RXF0SIDH                    (abs)        000F00
_RXF0SIDL                    (abs)        000F01
_RXFCON0                     (abs)        000DD4
_TRISB                       (abs)        000F93
_TRISB2                      (abs)        007C9A
_TRISB3                      (abs)        007C9B
_TRISC                       (abs)        000F94
_TRISD                       (abs)        000F95
_TRISD7                      (abs)        007CAF
_TXB0D0                      (abs)        000F46
_TXB0DLC                     (abs)        000F45
_TXB0EIDH                    (abs)        000F43
_TXB0EIDL                    (abs)        000F44
_TXB0REQ                     (abs)        007A03
_TXB0SIDH                    (abs)        000F41
_TXB0SIDL                    (abs)        000F42
_VCFG0                       (abs)        007E0C
_VCFG1                       (abs)        007E0D
__HRAM                       (abs)        000000
__H__absolute__              __absolute__ 000000
__Habs1                      abs1         000000
__Hbank0                     bank0        000000
__Hbank1                     bank1        000000
__Hbank2                     bank2        000000
__Hbank3                     bank3        000000
__Hbank4                     bank4        000000
__Hbank5                     bank5        000000
__Hbigbss                    bigbss       000000
__Hbigdata                   bigdata      000000
__Hbigram                    bigram       000000
__Hbigsfr                    bigsfr       000000
__Hbss                       bss          000000
__HbssCOMRAM                 bssCOMRAM    000000
__Hcinit                     cinit        000000
__Hclrtext                   clrtext      000000
__Hcomram                    comram       000000
__Hconfig                    config       30000E
__Hconst                     const        000000
__HcstackCOMRAM              cstackCOMRAM 000000
__Hdata                      data         000000
__HdataCOMRAM                dataCOMRAM   000000
__Heeprom_data               eeprom_data  000000
__Hfarbss                    farbss       000000
__Hfardata                   fardata      000000
__Hheap                      heap         000000
__Hibigdata                  ibigdata     000000
__Hidata                     idata        000000
__HidataCOMRAM               idataCOMRAM  000000
__Hidloc                     idloc        200008
__Hifardata                  ifardata     000000
__Hinit                      init         003000
__Hintcode                   intcode      000008
__Hintcode_body              intcode_body 000000
__Hintcodelo                 intcodelo    000018
__Hintentry                  intentry     000000
__Hintret                    intret       000000
__Hintsave_regs              intsave_regs 000000
__Hirdata                    irdata       000000
__Hmediumconst               mediumconst  002FFC
__HnvFARRAM                  nvFARRAM     000000
__Hnvbit                     nvbit        000000
__Hnvrram                    nvrram       000000
__Hparam                     rparam       000000
__Hpowerup                   powerup      000000
__Hram                       ram          000000
__Hramtop                    ramtop       000600
__Hrbit                      rbit         000000
__Hrbss                      rbss         000000
__Hrdata                     rdata        000000
__Hreset_vec                 reset_vec    000004
__Hrparam                    rparam       000000
__Hsfr                       sfr          000000
__Hsivt_hi                   sivt_hi      000000
__Hsivt_lo                   sivt_lo      000018
__Hsmallconst                smallconst   000000
__Hspace_0                   (abs)        003000
__Hspace_1                   (abs)        00005C
__Hspace_2                   (abs)        000000
__Hspace_4                   (abs)        60000E
__Hstack                     stack        000000
__Hstruct                    struct       000000
__Htemp                      temp         000000
__Htext                      text         000000
__Htext0                     text0        000000
__Htext1                     text1        000000
__Htext10                    text10       000000
__Htext11                    text11       000000
__Htext12                    text12       000000
__Htext13                    text13       000000
__Htext14                    text14       000000
__Htext15                    text15       000000
__Htext16                    text16       000000
__Htext17                    text17       000000
__Htext18                    text18       000000
__Htext2                     text2        000000
__Htext3                     text3        000000
__Htext4                     text4        000000
__Htext5                     text5        000000
__Htext6                     text6        000000
__Htext7                     text7        000000
__Htext8                     text8        000000
__Htext9                     text9        000000
__LRAM                       (abs)        000001
__L__absolute__              __absolute__ 000000
__Labs1                      abs1         000000
__Lbank0                     bank0        000000
__Lbank1                     bank1        000000
__Lbank2                     bank2        000000
__Lbank3                     bank3        000000
__Lbank4                     bank4        000000
__Lbank5                     bank5        000000
__Lbigbss                    bigbss       000000
__Lbigdata                   bigdata      000000
__Lbigram                    bigram       000000
__Lbigsfr                    bigsfr       000000
__Lbss                       bss          000000
__LbssCOMRAM                 bssCOMRAM    000000
__Lcinit                     cinit        000000
__Lclrtext                   clrtext      000000
__Lcomram                    comram       000000
__Lconfig                    config       000000
__Lconst                     const        000000
__LcstackCOMRAM              cstackCOMRAM 000000
__Ldata                      data         000000
__LdataCOMRAM                dataCOMRAM   000000
__Leeprom_data               eeprom_data  000000
__Lfarbss                    farbss       000000
__Lfardata                   fardata      000000
__Lheap                      heap         000000
__Libigdata                  ibigdata     000000
__Lidata                     idata        000000
__LidataCOMRAM               idataCOMRAM  000000
__Lidloc                     idloc        000000
__Lifardata                  ifardata     000000
__Linit                      init         002FFC
__Lintcode                   intcode      000008
__Lintcode_body              intcode_body 000000
__Lintcodelo                 intcodelo    000018
__Lintentry                  intentry     000000
__Lintret                    intret       000000
__Lintsave_regs              intsave_regs 000000
__Lirdata                    irdata       000000
__Lmediumconst               mediumconst  002FF6
__LnvFARRAM                  nvFARRAM     000000
__Lnvbit                     nvbit        000000
__Lnvrram                    nvrram       000000
__Lparam                     rparam       000000
__Lpowerup                   powerup      000000
__Lram                       ram          000000
__Lramtop                    ramtop       000600
__Lrbit                      rbit         000000
__Lrbss                      rbss         000000
__Lrdata                     rdata        000000
__Lreset_vec                 reset_vec    000000
__Lrparam                    rparam       000000
__Lsfr                       sfr          000000
__Lsivt_hi                   sivt_hi      000000
__Lsivt_lo                   sivt_lo      000018
__Lsmallconst                smallconst   000000
__Lspace_0                   (abs)        000000
__Lspace_1                   (abs)        000000
__Lspace_2                   (abs)        000000
__Lspace_4                   (abs)        000000
__Lstack                     stack        000000
__Lstruct                    struct       000000
__Ltemp                      temp         000000
__Ltext                      text         000000
__Ltext0                     text0        000000
__Ltext1                     text1        000000
__Ltext10                    text10       000000
__Ltext11                    text11       000000
__Ltext12                    text12       000000
__Ltext13                    text13       000000
__Ltext14                    text14       000000
__Ltext15                    text15       000000
__Ltext16                    text16       000000
__Ltext17                    text17       000000
__Ltext18                    text18       000000
__Ltext2                     text2        000000
__Ltext3                     text3        000000
__Ltext4                     text4        000000
__Ltext5                     text5        000000
__Ltext6                     text6        000000
__Ltext7                     text7        000000
__Ltext8                     text8        000000
__Ltext9                     text9        000000
__S0                         (abs)        003000
__S1                         (abs)        00005C
__S4                         (abs)        000000
__S5                         (abs)        000000
___awmod                     text18       0021D2
___awmod@counter             cstackCOMRAM 000005
___awmod@dividend            cstackCOMRAM 000001
___awmod@divisor             cstackCOMRAM 000003
___awmod@sign                cstackCOMRAM 000006
___fldiv                     text6        002840
___fldiv@a                   cstackCOMRAM 000013
___fldiv@aexp                cstackCOMRAM 000027
___fldiv@b                   cstackCOMRAM 00000F
___fldiv@bexp                cstackCOMRAM 000026
___fldiv@grs                 cstackCOMRAM 000022
___fldiv@new_exp             cstackCOMRAM 000020
___fldiv@rem                 cstackCOMRAM 00001B
___fldiv@sign                cstackCOMRAM 00001F
___flmul                     text14       002BD0
___flmul@a                   cstackCOMRAM 000013
___flmul@aexp                cstackCOMRAM 000020
___flmul@b                   cstackCOMRAM 00000F
___flmul@bexp                cstackCOMRAM 000021
___flmul@grs                 cstackCOMRAM 00001C
___flmul@prod                cstackCOMRAM 000022
___flmul@sign                cstackCOMRAM 00001B
___flmul@temp                cstackCOMRAM 000026
___fltol                     text13       002332
___fltol@exp1                cstackCOMRAM 000031
___fltol@f1                  cstackCOMRAM 000028
___fltol@sign1               cstackCOMRAM 000030
___heap_hi                   (abs)        000000
___heap_lo                   (abs)        000000
___inthi_sp                  stack        000000
___inthi_stack_hi            stack        000000
___inthi_stack_lo            stack        000000
___intlo_sp                  stack        000000
___intlo_stack_hi            stack        000000
___intlo_stack_lo            stack        000000
___lwdiv                     text17       002046
___lwdiv@counter             cstackCOMRAM 000007
___lwdiv@dividend            cstackCOMRAM 000001
___lwdiv@divisor             cstackCOMRAM 000003
___lwdiv@quotient            cstackCOMRAM 000005
___lwmod                     text16       001F02
___lwmod@counter             cstackCOMRAM 000005
___lwmod@dividend            cstackCOMRAM 000001
___lwmod@divisor             cstackCOMRAM 000003
___param_bank                (abs)        000000
___rparam_used               (abs)        000001
___sp                        stack        000000
___stack_hi                  stack        000000
___stack_lo                  stack        000000
___xxtofl                    text12       00268C
___xxtofl@arg                cstackCOMRAM 00000B
___xxtofl@exp                cstackCOMRAM 00000A
___xxtofl@sign               cstackCOMRAM 000009
___xxtofl@val                cstackCOMRAM 000001
__accesstop                  (abs)        000060
__activetblptr               (abs)        000002
__end_of___awmod             text18       002280
__end_of___fldiv             text6        002BD0
__end_of___flmul             text14       002FF6
__end_of___fltol             text13       002438
__end_of___lwdiv             text17       0020BA
__end_of___lwmod             text16       001F66
__end_of___xxtofl            text12       002840
__end_of__initialization     cinit        001E5E
__end_of_can_transmit        text15       002332
__end_of_get_engine_temp     text10       0021D2
__end_of_get_gear_pos        text7        001FD6
__end_of_get_speed           text5        002046
__end_of_init_adc            text4        001E3A
__end_of_init_can            text3        001EB0
__end_of_init_config         text1        001E1E
__end_of_init_matrix_keypad  text2        001E10
__end_of_main                text0        00268C
__end_of_read_adc            text11       001F02
__end_of_read_switches       text8        00212E
__end_of_scan_key            text9        002540
__end_ofmain@F10525          mediumconst  002FFB
__initialization             cinit        001E3A
__mediumconst                mediumconst  002FF6
__pbssCOMRAM                 bssCOMRAM    000048
__pcinit                     cinit        001E3A
__pcstackCOMRAM              cstackCOMRAM 000001
__pdataCOMRAM                dataCOMRAM   00005A
__pidataCOMRAM               idataCOMRAM  001E00
__pmediumconst               mediumconst  002FF6
__ptext0                     text0        002540
__ptext1                     text1        001E10
__ptext10                    text10       00212E
__ptext11                    text11       001EB0
__ptext12                    text12       00268C
__ptext13                    text13       002332
__ptext14                    text14       002BD0
__ptext15                    text15       002280
__ptext16                    text16       001F02
__ptext17                    text17       002046
__ptext18                    text18       0021D2
__ptext2                     text2        001E02
__ptext3                     text3        001E68
__ptext4                     text4        001E1E
__ptext5                     text5        001FD6
__ptext6                     text6        002840
__ptext7                     text7        001F66
__ptext8                     text8        0020BA
__ptext9                     text9        002438
__ramtop                     ramtop       000600
__smallconst                 mediumconst  002FF6
_can_payload                 bssCOMRAM    000048
_can_transmit                text15       002280
_can_transmit$162            cstackCOMRAM 000009
_get_engine_temp             text10       00212E
_get_engine_temp$901         cstackCOMRAM 000034
_get_gear_pos                text7        001F66
_get_speed                   text5        001FD6
_init_adc                    text4        001E1E
_init_can                    text3        001E68
_init_config                 text1        001E10
_init_matrix_keypad          text2        001E02
_main                        text0        002540
_read_adc                    text11       001EB0
_read_switches               text8        0020BA
_scan_key                    text9        002438
can_transmit@data            cstackCOMRAM 000003
can_transmit@i               cstackCOMRAM 00000B
can_transmit@len             cstackCOMRAM 000004
can_transmit@msg_id          cstackCOMRAM 000001
can_transmit@tx              cstackCOMRAM 000007
end_of_initialization        cinit        001E5E
get_engine_temp@adc_reg_val  cstackCOMRAM 000038
get_gear_pos@gear_pos        dataCOMRAM   00005B
get_gear_pos@key             cstackCOMRAM 000002
get_speed@adc_reg_val        cstackCOMRAM 000034
intlevel0                    text         000000
intlevel1                    text         000000
intlevel2                    text         000000
intlevel3                    text         000000
isa$std                      (abs)        000001
isa$xinst                    (abs)        000000
main@F10525                  mediumconst  002FF7
main@engine_temp             cstackCOMRAM 000046
main@engine_temp_buff        cstackCOMRAM 00003B
main@gear_buff               cstackCOMRAM 000043
main@gear_pos                cstackCOMRAM 000042
main@speed                   cstackCOMRAM 000044
main@speed_buff              cstackCOMRAM 00003F
read_adc@channel             cstackCOMRAM 000007
read_adc@reg_val             cstackCOMRAM 000005
read_switches@detection_type cstackCOMRAM 000001
read_switches@key            bssCOMRAM    000058
read_switches@once           dataCOMRAM   00005A
stackhi                      (abs)        000000
stacklo                      (abs)        000000
start                        init         002FFC
start_initialization         cinit        001E3A


MODULE INFORMATION

Module		Function		Class		Link	Load	Size
matrix_keypad.c
		_init_matrix_keypad		CODE           	1E02	0000	14
		_read_switches 		CODE           	20BA	0000	116
		_scan_key      		CODE           	2438	0000	264

matrix_keypad.c estimated size: 394

ecu1_main.c
		_get_engine_temp		CODE           	212E	0000	164
		_main          		CODE           	2540	0000	332
		_get_speed     		CODE           	1FD6	0000	112
		_get_gear_pos  		CODE           	1F66	0000	112
		_init_config   		CODE           	1E10	0000	14

ecu1_main.c estimated size: 734

adc.c
		_init_adc      		CODE           	1E1E	0000	28
		_read_adc      		CODE           	1EB0	0000	82

adc.c estimated size: 110

C:\Program Files\Microchip\xc8\v3.00\pic\sources\c99\common\lwmod.c
		___lwmod       		CODE           	1F02	0000	100

C:\Program Files\Microchip\xc8\v3.00\pic\sources\c99\common\lwmod.c estimated size: 100

C:\Program Files\Microchip\xc8\v3.00\pic\sources\c99\common\awmod.c
		___awmod       		CODE           	21D2	0000	174

C:\Program Files\Microchip\xc8\v3.00\pic\sources\c99\common\awmod.c estimated size: 174

C:\Program Files\Microchip\xc8\v3.00\pic\sources\c99\common\sprcmul.c
		___flmul       		CODE           	2BD0	0000	1062

C:\Program Files\Microchip\xc8\v3.00\pic\sources\c99\common\sprcmul.c estimated size: 1062

C:\Program Files\Microchip\xc8\v3.00\pic\sources\c99\common\sprcdiv.c
		___fldiv       		CODE           	2840	0000	912

C:\Program Files\Microchip\xc8\v3.00\pic\sources\c99\common\sprcdiv.c estimated size: 912

shared
		__initialization		CODE           	1E3A	0000	36
		main@F10525    		MEDIUMCONST    	2FF7	0000	4

shared estimated size: 40

C:\Program Files\Microchip\xc8\v3.00\pic\sources\c99\common\xxtofl.c
		___xxtofl      		CODE           	268C	0000	436

C:\Program Files\Microchip\xc8\v3.00\pic\sources\c99\common\xxtofl.c estimated size: 436

can.c
		_can_transmit  		CODE           	2280	0000	178
		_init_can      		CODE           	1E68	0000	72

can.c estimated size: 250

C:\Program Files\Microchip\xc8\v3.00\pic\sources\c99\common\lwdiv.c
		___lwdiv       		CODE           	2046	0000	116

C:\Program Files\Microchip\xc8\v3.00\pic\sources\c99\common\lwdiv.c estimated size: 116

C:\Program Files\Microchip\xc8\v3.00\pic\sources\c99\common\fltol.c
		___fltol       		CODE           	2332	0000	262

C:\Program Files\Microchip\xc8\v3.00\pic\sources\c99\common\fltol.c estimated size: 262

